]0;~/Documents/Projects/pitadtma8.0Tpit[?1034hWilliams-MacBook-Air:pitadtma8.0Tpit wliam$ [KWilliams-MacBook-Air:pitadtma8.0Tpit wliam$ pwd
/Users/wliam/Documents/Projects/pitadtma8.0Tpit
]0;~/Documents/Projects/pitadtma8.0TpitWilliams-MacBook-Air:pitadtma8.0Tpit wliam$ git init
Initialized empty Git repository in /Users/wliam/Documents/Projects/pitadtma8.0Tpit/.git/
]0;~/Documents/Projects/pitadtma8.0TpitWilliams-MacBook-Air:pitadtma8.0Tpit wliam$ git add .
]0;~/Documents/Projects/pitadtma8.0TpitWilliams-MacBook-Air:pitadtma8.0Tpit wliam$ git committ[K -m "first commit"
[master (root-commit) 4509b97] first commit
 10 files changed, 83 insertions(+)
 create mode 100644 .Rproj.user/E45517BD/console06/F5CC4E15
 create mode 100644 .Rproj.user/E45517BD/console06/F5CC4E15.env
 create mode 100644 .Rproj.user/E45517BD/console06/INDEX001
 create mode 100644 .Rproj.user/E45517BD/sources/s-7312159A/lock_file
 create mode 100644 .Rproj.user/shared/notebooks/patch-chunk-names
 create mode 100644 __pitadtma7.0IHCsummary 2.xlsx
 create mode 100644 pitadtma8.0Tpit.Rproj
 create mode 100644 pituitaryTMA_keys/22cases_UIC_TMA_manufacture_info_PitAdTMA6.0 - Copy.xlsx
 create mode 100644 pituitaryTMA_keys/McDonaldPituitaryAdenomaTMA2_121214_subm to Dr McDonald 012215.xlsx
 create mode 100644 pituitaryTMA_keys/Pitadtma.key.pdf
]0;~/Documents/Projects/pitadtma8.0TpitWilliams-MacBook-Air:pitadtma8.0Tpit wliam$ git remote add origin https://github.com/ wliammd/Tpit.git
]0;~/Documents/Projects/pitadtma8.0TpitWilliams-MacBook-Air:pitadtma8.0Tpit wliam$ git remote -v
origin	https://github.com/wliammd/Tpit.git (fetch)
origin	https://github.com/wliammd/Tpit.git (push)
]0;~/Documents/Projects/pitadtma8.0TpitWilliams-MacBook-Air:pitadtma8.0Tpit wliam$ git push origin master
Counting objects: 19, done.
Delta compression using up to 4 threads.
Compressing objects:   7% (1/14)   Compressing objects:  14% (2/14)   Compressing objects:  21% (3/14)   Compressing objects:  28% (4/14)   Compressing objects:  35% (5/14)   Compressing objects:  42% (6/14)   Compressing objects:  50% (7/14)   Compressing objects:  57% (8/14)   Compressing objects:  64% (9/14)   Compressing objects:  71% (10/14)   Compressing objects:  78% (11/14)   Compressing objects:  85% (12/14)   Compressing objects:  92% (13/14)   Compressing objects: 100% (14/14)   Compressing objects: 100% (14/14), done.
Writing objects:   5% (1/19)   Writing objects:  10% (2/19)   Writing objects:  15% (3/19)   Writing objects:  21% (4/19)   Writing objects:  26% (5/19)   Writing objects:  31% (6/19)   Writing objects:  36% (7/19)   Writing objects:  42% (8/19)   Writing objects:  47% (9/19)   Writing objects:  52% (10/19)   Writing objects:  57% (11/19)   Writing objects:  63% (12/19)   Writing objects:  68% (13/19)   Writing objects:  68% (13/19), 2.13 MiB | 1.76 MiB/s   Writing objects:  73% (14/19), 2.13 MiB | 1.76 MiB/s   Writing objects:  78% (15/19), 2.13 MiB | 1.76 MiB/s   Writing objects:  84% (16/19), 2.13 MiB | 1.76 MiB/s   Writing objects:  89% (17/19), 2.13 MiB | 1.76 MiB/s   Writing objects:  94% (18/19), 2.13 MiB | 1.76 MiB/s   Writing objects:  94% (18/19), 4.21 MiB | 1.88 MiB/s   Writing objects: 100% (19/19), 4.21 MiB | 1.88 MiB/s   Writing objects: 100% (19/19), 5.10 MiB | 1.84 MiB/s, done.
Total 19 (delta 0), reused 0 (delta 0)
To https://github.com/wliammd/Tpit.git
 * [new branch]      master -> master
]0;~/Documents/Projects/pitadtma8.0TpitWilliams-MacBook-Air:pitadtma8.0Tpit wliam$ git status
On branch master
Changes not staged for commit:
  (use "git add <file>..." to update what will be committed)
  (use "git checkout -- <file>..." to discard changes in working directory)

	[31mmodified:   .Rproj.user/E45517BD/console06/F5CC4E15[m

no changes added to commit (use "git add" and/or "git commit -a")
]0;~/Documents/Projects/pitadtma8.0TpitWilliams-MacBook-Air:pitadtma8.0Tpit wliam$ git status
On branch master
Changes not staged for commit:
  (use "git add <file>..." to update what will be committed)
  (use "git checkout -- <file>..." to discard changes in working directory)

	[31mmodified:   .Rproj.user/E45517BD/console06/F5CC4E15[m

no changes added to commit (use "git add" and/or "git commit -a")
]0;~/Documents/Projects/pitadtma8.0TpitWilliams-MacBook-Air:pitadtma8.0Tpit wliam$ git pull
remote: Enumerating objects: 4, done.[K
remote: Counting objects:  25% (1/4)   [Kremote: Counting objects:  50% (2/4)   [Kremote: Counting objects:  75% (3/4)   [Kremote: Counting objects: 100% (4/4)   [Kremote: Counting objects: 100% (4/4), done.[K
remote: Compressing objects:  33% (1/3)   [Kremote: Compressing objects:  66% (2/3)   [Kremote: Compressing objects: 100% (3/3)   [Kremote: Compressing objects: 100% (3/3), done.[K
remote: Total 3 (delta 1), reused 0 (delta 0), pack-reused 0[K
Unpacking objects:  33% (1/3)   Unpacking objects:  66% (2/3)   Unpacking objects: 100% (3/3)   Unpacking objects: 100% (3/3), done.
From https://github.com/wliammd/Tpit
   4509b97..f8fe397  master     -> origin/master
There is no tracking information for the current branch.
Please specify which branch you want to merge with.
See git-pull(1) for details.

    git pull <remote> <branch>

If you wish to set tracking information for this branch you can do so with:

    git branch --set-upstream-to=origin/<branch> master

]0;~/Documents/Projects/pitadtma8.0TpitWilliams-MacBook-Air:pitadtma8.0Tpit wliam$ git stau[Ktus
On branch master
Changes not staged for commit:
  (use "git add <file>..." to update what will be committed)
  (use "git checkout -- <file>..." to discard changes in working directory)

	[31mmodified:   .Rproj.user/E45517BD/console06/F5CC4E15[m

no changes added to commit (use "git add" and/or "git commit -a")
]0;~/Documents/Projects/pitadtma8.0TpitWilliams-MacBook-Air:pitadtma8.0Tpit wliam$ git add .
]0;~/Documents/Projects/pitadtma8.0TpitWilliams-MacBook-Air:pitadtma8.0Tpit wliam$ git committ[K - m "[K[K[K[Km "after ream[Kdme se [Kt up"
[master 0ee4282] after readme set up
 1 file changed, 71 insertions(+)
]0;~/Documents/Projects/pitadtma8.0TpitWilliams-MacBook-Air:pitadtma8.0Tpit wliam$ git push
fatal: The current branch master has no upstream branch.
To push the current branch and set the remote as upstream, use

    git push --set-upstream origin master

]0;~/Documents/Projects/pitadtma8.0TpitWilliams-MacBook-Air:pitadtma8.0Tpit wliam$ git status
On branch master
Changes not staged for commit:
  (use "git add <file>..." to update what will be committed)
  (use "git checkout -- <file>..." to discard changes in working directory)

	[31mmodified:   .Rproj.user/E45517BD/console06/F5CC4E15[m

no changes added to commit (use "git add" and/or "git commit -a")
]0;~/Documents/Projects/pitadtma8.0TpitWilliams-MacBook-Air:pitadtma8.0Tpit wliam$ git pull
There is no tracking information for the current branch.
Please specify which branch you want to merge with.
See git-pull(1) for details.

    git pull <remote> <branch>

If you wish to set tracking information for this branch you can do so with:

    git branch --set-upstream-to=origin/<branch> master

]0;~/Documents/Projects/pitadtma8.0TpitWilliams-MacBook-Air:pitadtma8.0Tpit wliam$ git pull origin master
From https://github.com/wliammd/Tpit
 * branch            master     -> FETCH_HEAD
[?2004hMerge made by the 'recursive' strategy.
 README.md | 6 [32m++++++[m
 1 file changed, 6 insertions(+)
 create mode 100644 README.md
]0;~/Documents/Projects/pitadtma8.0TpitWilliams-MacBook-Air:pitadtma8.0Tpit wliam$ git status
On branch master
Changes not staged for commit:
  (use "git add <file>..." to update what will be committed)
  (use "git checkout -- <file>..." to discard changes in working directory)

	[31mmodified:   .Rproj.user/E45517BD/console06/F5CC4E15[m
	[31mmodified:   .Rproj.user/E45517BD/console06/INDEX001[m

no changes added to commit (use "git add" and/or "git commit -a")
GIT [K[K[K[Kgit status
On branch master
Changes not staged for commit:
  (use "git add/rm <file>..." to update what will be committed)
  (use "git checkout -- <file>..." to discard changes in working directory)

	[31mmodified:   .Rproj.user/E45517BD/console06/F5CC4E15[m
	[31mmodified:   .Rproj.user/E45517BD/console06/INDEX001[m
	[31mdeleted:    .Rproj.user/E45517BD/sources/s-7312159A/lock_file[m
	[31mmodified:   __pitadtma7.0IHCsummary 2.xlsx[m

Untracked files:
  (use "git add <file>..." to include in what will be committed)

	[31m.gitignore[m

no changes added to commit (use "git add" and/or "git commit -a")
]0;~/Documents/Projects/pitadtma8.0TpitWilliams-MacBook-Air:pitadtma8.0Tpit wliam$ git add .
